// Jest Snapshot v1, https://goo.gl/fbAQLP

exports[`bff loader should works well 1`] = `
"import { createRequest } from '/packages/cli/plugin-bff/tests/fixtures/requestCreator/client.ts';

export var get = createRequest({"path": "/api/hello","method": "GET","httpMethodDecider": "functionName", "port": 80 });
      "
`;
